[SUCCESS] packages/shared


[SUCCESS] packages/backend


[SUCCESS] packages/extension


[FAILED] packages/web
stdout: src/app/dashboard/bundles/page.tsx(64,13): error TS1005: ':' expected.
src/app/dashboard/bundles/page.tsx(69,9): error TS1005: ',' expected.
src/app/dashboard/bundles/page.tsx(70,22): error TS1005: ',' expected.
src/app/dashboard/bundles/page.tsx(70,30): error TS1005: ',' expected.

stderr: 

